// Jest Snapshot v1, https://goo.gl/fbAQLP

exports[`does not have changes between snapshots 1`] = `
<DocumentFragment>
  .c2 {
  height: 1.8rem;
  padding: 0.25rem 0.6rem;
  color: #ffffff;
  background: #0074d9;
  border: 1px solid #0074d9;
}

.c2:disabled {
  color: #dddddd;
  background: #aaaaaa;
  border-color: #aaaaaa;
}

.c1 {
  height: 1.4rem;
  padding: 2px 8px;
  border: 1px solid #dddddd;
  outline: 0;
}

.c1:focus {
  border: 1px solid #0074d9;
}

.c0 {
  display: -webkit-box;
  display: -webkit-flex;
  display: -ms-flexbox;
  display: flex;
  -webkit-flex-direction: row;
  -ms-flex-direction: row;
  flex-direction: row;
}

<div
    class="c0"
    direction="horizontal"
  >
    <input
      class="c1"
      role="textbox"
      style="flex: 1;"
      value=""
    />
    <button
      class="c2"
      disabled=""
      role="button"
      style="width: 100px;"
      type="submit"
    >
      送信
    </button>
  </div>
</DocumentFragment>
`;
