// Jest Snapshot v1, https://goo.gl/fbAQLP

exports[`does not have changes between snapshots 1`] = `
<DocumentFragment>
  <p>
    Please enter Username and Room ID : 
  </p>
  .c1 {
  height: 1.9rem;
  padding: 0.25rem 0.6rem;
  color: #ffffff;
  background: #0074d9;
  border: 1px solid #0074d9;
}

.c1:disabled {
  color: #dddddd;
  background: #aaaaaa;
  border-color: #aaaaaa;
}

.c0 {
  height: 1.6rem;
  padding: 2px 8px;
  border: 1px solid #dddddd;
  outline: 0;
}

.c0:focus {
  border: 1px solid #0074d9;
}

<div>
    <input
      class="c0"
      placeholder="Username"
      role="textbox"
      type="text"
      value="Anonymous"
    />
    <input
      class="c0"
      placeholder="Room ID"
      role="textbox"
      type="text"
      value=""
    />
    <button
      class="c1"
      disabled=""
      role="button"
      type="submit"
    >
      Join Room
    </button>
  </div>
</DocumentFragment>
`;
